Archive member included to satisfy reference by file (symbol)

c:/program files/microchip/xc32/v4.21/bin/bin/../../lib/gcc/pic32c/8.3.1/../../../../pic32c/lib/thumb/v6-m/nofp\libpic32c.a(data_init_wrapper.o)
                              build/DevBoard/debug/_ext/1844592860/startup_xc32.o (__pic32c_data_initialization)
c:/program files/microchip/xc32/v4.21/bin/bin/../../lib/gcc/pic32c/8.3.1/../../../../pic32c/lib/thumb/v6-m/nofp\libpic32c.a(data_init_0_1.o)
                              c:/program files/microchip/xc32/v4.21/bin/bin/../../lib/gcc/pic32c/8.3.1/../../../../pic32c/lib/thumb/v6-m/nofp\libpic32c.a(data_init_wrapper.o) (__pic32c_data_initialization_impl)
c:/program files/microchip/xc32/v4.21/bin/bin/../../lib/gcc/pic32c/8.3.1/../../../../pic32c/lib/thumb/v6-m/nofp\libg-musl.a(__libc_start_main.o)
                              build/DevBoard/debug/_ext/1844592860/startup_xc32.o (__libc_init_array)
c:/program files/microchip/xc32/v4.21/bin/bin/../../lib/gcc/pic32c/8.3.1/../../../../pic32c/lib/thumb/v6-m/nofp\libg-musl.a(libc.o)
                              c:/program files/microchip/xc32/v4.21/bin/bin/../../lib/gcc/pic32c/8.3.1/../../../../pic32c/lib/thumb/v6-m/nofp\libg-musl.a(__libc_start_main.o) (__progname_full)
c:/program files/microchip/xc32/v4.21/bin/bin/../../lib/gcc/pic32c/8.3.1/../../../../pic32c/lib/thumb/v6-m/nofp\libg-musl.a(memcpy.o)
                              build/DevBoard/debug/_ext/206279368/plib_nvmctrl.o (memcpy)
c:/program files/microchip/xc32/v4.21/bin/bin/../../lib/gcc/pic32c/8.3.1/../../../../pic32c/lib/thumb/v6-m/nofp\libg-musl.a(__environ.o)
                              c:/program files/microchip/xc32/v4.21/bin/bin/../../lib/gcc/pic32c/8.3.1/../../../../pic32c/lib/thumb/v6-m/nofp\libg-musl.a(__libc_start_main.o) (__environ)
c:/program files/microchip/xc32/v4.21/bin/bin/../../lib/gcc/pic32c/8.3.1/thumb/v6-m/nofp\libgcc.a(_udivsi3.o)
                              build/DevBoard/debug/_ext/757832901/plib_sercom1_spi_master.o (__aeabi_uidiv)
c:/program files/microchip/xc32/v4.21/bin/bin/../../lib/gcc/pic32c/8.3.1/thumb/v6-m/nofp\libgcc.a(_dvmd_tls.o)
                              c:/program files/microchip/xc32/v4.21/bin/bin/../../lib/gcc/pic32c/8.3.1/thumb/v6-m/nofp\libgcc.a(_udivsi3.o) (__aeabi_idiv0)

Microchip PIC32 Memory-Usage Report

ROM Program-Memory Usage
section                    address  length [bytes]      (dec)  Description
-------                 ----------  -------------------------  -----------
.vectors                         0           0xb8         184   
.text                         0xb8           0x20          32  App's exec code 
.rodata.cal                   0xd8         0x9600       38400   
.text.ST7735_DrawBitmap     0x96d8          0x2e4         740   
.text.SERCOM1_SPI_Write     0x99bc          0x204         516   
.rodata.wave                0x9bc0          0x200         512   
.dinit                      0x9dc0          0x170         368   
.text.ST7735_FillRect       0x9f30          0x16c         364   
.text.EIC_Initialize        0xa09c           0xe8         232   
.text.myadc_handler         0xa184           0xe8         232   
.text.__NVIC_SetPriorit     0xa26c           0xdc         220   
.text.ADC_Initialize        0xa348           0xcc         204   
.text.EIC_InterruptHand     0xa414           0xc0         192   
.text.PORT_Initialize       0xa4d4           0xbc         188   
.text.commandList           0xa590           0xba         186   
.text.Dummy_App_Func        0xa64a            0x2           2   
.text.setAddrWindow         0xa64c           0xa8         168   
.text.ST7735_InitR          0xa6f4           0xa0         160   
.text.main                  0xa794           0x9c         156   
.text                       0xa830           0x8c         140  App's exec code 
.text.DFLL_Initialize       0xa8bc           0x80         128   
.text.commonInit            0xa93c           0x78         120   
.text.CLOCK_Initialize      0xa9b4           0x74         116   
.text.delayMs               0xaa28           0x70         112   
.text.__pic32c_data_ini     0xaa98           0x70         112   
.text.EIC_CallbackRegis     0xab08           0x68         104   
.text.TC3_TimerInitiali     0xab70           0x5c          92   
.text.__libc_start_init     0xabcc           0x5c          92   
.text.TC5_TimerInitiali     0xac28           0x58          88   
.text.NVIC_Initialize       0xac80           0x56          86   
.text.Dummy_Handler         0xacd6            0x2           2   
.text.ADC_ChannelSelect     0xacd8           0x54          84   
.text.TC4_TimerInitiali     0xad2c           0x54          84   
.text.TC3_TimerStart        0xad80           0x4c          76   
.text.SYS_Initialize        0xadcc           0x4c          76   
.text                       0xae18           0x48          72  App's exec code 
.text.Reset_Handler         0xae60           0x48          72   
[...]
Memory Configuration

Name             Origin             Length             Attributes
rom              0x00000000         0x00020000         xrl
ram              0x20000000         0x00004000         xw !r
config_00804000  0x00804000         0x00000004
config_00804004  0x00804004         0x00000004
*default*        0x00000000         0xffffffff

Linker script and memory map

LOAD c:/program files/microchip/xc32/v4.21/bin/bin/../../lib/gcc/pic32c/8.3.1/thumb/v6-m/nofp/crti.o
LOAD c:/program files/microchip/xc32/v4.21/bin/bin/../../lib/gcc/pic32c/8.3.1/thumb/v6-m/nofp/crtbegin.o
LOAD build/DevBoard/debug/_ext/975524824/plib_adc.o
LOAD build/DevBoard/debug/_ext/1178585414/plib_clock.o
LOAD build/DevBoard/debug/_ext/975527614/plib_dac.o
LOAD build/DevBoard/debug/_ext/975528823/plib_eic.o
LOAD build/DevBoard/debug/_ext/1180734900/plib_evsys.o
LOAD build/DevBoard/debug/_ext/176903338/plib_nvic.o
LOAD build/DevBoard/debug/_ext/206279368/plib_nvmctrl.o
LOAD build/DevBoard/debug/_ext/176956489/plib_port.o
LOAD build/DevBoard/debug/_ext/757832901/plib_sercom1_spi_master.o
LOAD build/DevBoard/debug/_ext/440754466/plib_systick.o
LOAD build/DevBoard/debug/_ext/522720201/plib_tc3.o
LOAD build/DevBoard/debug/_ext/522720201/plib_tc4.o
LOAD build/DevBoard/debug/_ext/1583257634/xc32_monitor.o
LOAD build/DevBoard/debug/_ext/1844592860/exceptions.o
LOAD build/DevBoard/debug/_ext/1844592860/startup_xc32.o
LOAD build/DevBoard/debug/_ext/1844592860/interrupts.o
LOAD build/DevBoard/debug/_ext/1844592860/libc_syscalls.o
LOAD build/DevBoard/debug/_ext/1844592860/initialization.o
LOAD build/DevBoard/debug/_ext/1360937237/main.o
LOAD build/DevBoard/debug/ST7735.o
LOAD build/DevBoard/debug/_ext/522720201/plib_tc5.o
                0x00000001                __MPLAB_BUILD = 0x1
                0x00020000                __rom_end = (ORIGIN (rom) + LENGTH (rom))
                0x20004000                __ram_end = (ORIGIN (ram) + LENGTH (ram))

.config_00804000
 *(.config_00804000)

.config_00804004
 *(.config_00804004)

.vectors        0x00000000       0xb8
                0x00000000                . = ALIGN (0x4)
                0x00000000                _sfixed = .
 *(.vectors .vectors.* .vectors_default .vectors_default.*)
 .vectors.exception_table
                0x00000000       0xb8 build/DevBoard/debug/_ext/1844592860/interrupts.o
                0x00000000                exception_table
 *(.isr_vector)
 *(.reset*)
 *(.after_vectors)

.text           0x000000b8       0x20
                0x000000b8                . = ALIGN (0x4)
 *(.glue_7t)
 .glue_7t       0x000000b8        0x0 linker stubs
 *(.glue_7)
 .glue_7        0x000000b8        0x0 linker stubs
 *(.gnu.linkonce.r.*)
 *(.ARM.extab* .gnu.linkonce.armextab.*)
                0x000000b8                . = ALIGN (0x4)
 *(.init)
 .init          0x000000b8        0x4 c:/program files/microchip/xc32/v4.21/bin/bin/../../lib/gcc/pic32c/8.3.1/thumb/v6-m/nofp/crti.o
                0x000000b8                _init
 .init          0x000000bc        0x8 c:/program files/microchip/xc32/v4.21/bin/bin/../../lib/gcc/pic32c/8.3.1/thumb/v6-m/nofp/crtn.o
                0x000000c4                . = ALIGN (0x4)
                0x000000c4                __preinit_array_start = .
 *(.preinit_array)
                0x000000c4                __preinit_array_end = .
                0x000000c4                . = ALIGN (0x4)
                0x000000c4                __init_array_start = .
 *(SORT_BY_NAME(.init_array.*))
 *(.init_array)
 .init_array    0x000000c4        0x4 c:/program files/microchip/xc32/v4.21/bin/bin/../../lib/gcc/pic32c/8.3.1/thumb/v6-m/nofp/crtbegin.o
                0x000000c8                __init_array_end = .
                0x000000c8                . = ALIGN (0x4)
 *crtbegin.o(.ctors)
 *(EXCLUDE_FILE(*crtend.o) .ctors)
 *(SORT_BY_NAME(.ctors.*))
 *crtend.o(.ctors)
                0x000000c8                . = ALIGN (0x4)
 *(.fini)
 .fini          0x000000c8        0x4 c:/program files/microchip/xc32/v4.21/bin/bin/../../lib/gcc/pic32c/8.3.1/thumb/v6-m/nofp/crti.o
                0x000000c8                _fini
 .fini          0x000000cc        0x8 c:/program files/microchip/xc32/v4.21/bin/bin/../../lib/gcc/pic32c/8.3.1/thumb/v6-m/nofp/crtn.o
                0x000000d4                . = ALIGN (0x4)
                0x000000d4                __fini_array_start = .
 *(.fini_array)
 .fini_array    0x000000d4        0x4 c:/program files/microchip/xc32/v4.21/bin/bin/../../lib/gcc/pic32c/8.3.1/thumb/v6-m/nofp/crtbegin.o
 *(SORT_BY_NAME(.fini_array.*))
                0x000000d8                __fini_array_end = .
 *crtbegin.o(.dtors)
 *(EXCLUDE_FILE(*crtend.o) .dtors)
 *(SORT_BY_NAME(.dtors.*))
 *crtend.o(.dtors)
                0x000000d8                . = ALIGN (0x4)
                0x000000d8                _efixed = .
                [!provide]                PROVIDE (__exidx_start = .)

.ARM.exidx
 *(.ARM.exidx* .gnu.linkonce.armexidx.*)
                [!provide]                PROVIDE (__exidx_end = .)
                0x000000d8                . = ALIGN (0x4)
                0x000000d8                _etext = .

.bss            0x20000000        0x0
                0x20000000                . = ALIGN (0x4)
                0x20000000                __bss_start__ = .
                0x20000000                _sbss = .
                0x20000000                _szero = .
 *(COMMON)
                0x20000000                . = ALIGN (0x4)
                0x20000000                __bss_end__ = .
                0x20000000                _ebss = .
                0x20000000                _ezero = .
                0x20000000                . = ALIGN (0x4)
                0x20000000                _end = .
                0x20003fff                _ram_end_ = ((ORIGIN (ram) + LENGTH (ram)) - 0x1)
                0x00000001                __ICD2RAM = 0x1
                0x00000001                __MPLAB_DEBUG = 0x1
                0x00000001                __DEBUG = 0x1
                0x00000200                _min_heap_size = 0x200
START GROUP
LOAD c:/program files/microchip/xc32/v4.21/bin/bin/../../lib/gcc/pic32c/8.3.1/../../../../pic32c/lib/thumb/v6-m/nofp\libpic32c.a
LOAD c:/program files/microchip/xc32/v4.21/bin/bin/../../lib/gcc/pic32c/8.3.1/../../../../pic32c/lib/thumb/v6-m/nofp\libm-emfloat.a
LOAD c:/program files/microchip/xc32/v4.21/bin/bin/../../lib/gcc/pic32c/8.3.1/../../../../pic32c/lib/thumb/v6-m/nofp\libg-musl.a
LOAD c:/program files/microchip/xc32/v4.21/bin/bin/../../lib/gcc/pic32c/8.3.1/../../../../pic32c/lib/thumb/v6-m/nofp\libc-musl.a
LOAD c:/program files/microchip/xc32/v4.21/bin/bin/../../lib/gcc/pic32c/8.3.1/../../../../pic32c/lib/thumb/v6-m/nofp\libm-emfloat.a
LOAD c:/program files/microchip/xc32/v4.21/bin/bin/../../lib/gcc/pic32c/8.3.1/thumb/v6-m/nofp\libgcc.a
END GROUP
LOAD c:/program files/microchip/xc32/v4.21/bin/bin/../../lib/gcc/pic32c/8.3.1/thumb/v6-m/nofp/crtend.o
LOAD c:/program files/microchip/xc32/v4.21/bin/bin/../../lib/gcc/pic32c/8.3.1/thumb/v6-m/nofp/crtn.o
OUTPUT(dist/DevBoard/debug/CelHandheld.X.debug.elf elf32-littlearm)
LOAD stack
LOAD data_init

.ARM.attributes
                0x00000000       0x2c
 .ARM.attributes
                0x00000000       0x1e c:/program files/microchip/xc32/v4.21/bin/bin/../../lib/gcc/pic32c/8.3.1/thumb/v6-m/nofp/crti.o
 .ARM.attributes
                0x0000001e       0x2c c:/program files/microchip/xc32/v4.21/bin/bin/../../lib/gcc/pic32c/8.3.1/thumb/v6-m/nofp/crtbegin.o
 .ARM.attributes
                0x0000004a       0x2c build/DevBoard/debug/_ext/975524824/plib_adc.o
 .ARM.attributes
                0x00000076       0x2c build/DevBoard/debug/_ext/1178585414/plib_clock.o
 .ARM.attributes
                0x000000a2       0x2c build/DevBoard/debug/_ext/975527614/plib_dac.o
 .ARM.attributes
                0x000000ce       0x2c build/DevBoard/debug/_ext/975528823/plib_eic.o
 .ARM.attributes
                0x000000fa       0x2c build/DevBoard/debug/_ext/176903338/plib_nvic.o
 .ARM.attributes
                0x00000126       0x2c build/DevBoard/debug/_ext/206279368/plib_nvmctrl.o
 .ARM.attributes
                0x00000152       0x2c build/DevBoard/debug/_ext/176956489/plib_port.o
 .ARM.attributes
                0x0000017e       0x2c build/DevBoard/debug/_ext/757832901/plib_sercom1_spi_master.o
 .ARM.attributes
                0x000001aa       0x2c build/DevBoard/debug/_ext/440754466/plib_systick.o
 .ARM.attributes
                0x000001d6       0x2c build/DevBoard/debug/_ext/522720201/plib_tc3.o
 .ARM.attributes
                0x00000202       0x2c build/DevBoard/debug/_ext/522720201/plib_tc4.o
 .ARM.attributes
                0x0000022e       0x2c build/DevBoard/debug/_ext/1844592860/exceptions.o
 .ARM.attributes
                0x0000025a       0x2c build/DevBoard/debug/_ext/1844592860/startup_xc32.o
 .ARM.attributes
                0x00000286       0x2c build/DevBoard/debug/_ext/1844592860/interrupts.o
 .ARM.attributes
                0x000002b2       0x2c build/DevBoard/debug/_ext/1844592860/initialization.o
 .ARM.attributes
                0x000002de       0x2c build/DevBoard/debug/_ext/1360937237/main.o
 .ARM.attributes
                0x0000030a       0x2c build/DevBoard/debug/ST7735.o
 .ARM.attributes
                0x00000336       0x2c build/DevBoard/debug/_ext/522720201/plib_tc5.o
 .ARM.attributes
                0x00000362       0x2c c:/program files/microchip/xc32/v4.21/bin/bin/../../lib/gcc/pic32c/8.3.1/../../../../pic32c/lib/thumb/v6-m/nofp\libpic32c.a(data_init_wrapper.o)
 .ARM.attributes
                0x0000038e       0x2c c:/program files/microchip/xc32/v4.21/bin/bin/../../lib/gcc/pic32c/8.3.1/../../../../pic32c/lib/thumb/v6-m/nofp\libpic32c.a(data_init_0_1.o)
 .ARM.attributes
                0x000003ba       0x2e c:/program files/microchip/xc32/v4.21/bin/bin/../../lib/gcc/pic32c/8.3.1/../../../../pic32c/lib/thumb/v6-m/nofp\libg-musl.a(__libc_start_main.o)
 .ARM.attributes
                0x000003e8       0x2e c:/program files/microchip/xc32/v4.21/bin/bin/../../lib/gcc/pic32c/8.3.1/../../../../pic32c/lib/thumb/v6-m/nofp\libg-musl.a(libc.o)
 .ARM.attributes
                0x00000416       0x2e c:/program files/microchip/xc32/v4.21/bin/bin/../../lib/gcc/pic32c/8.3.1/../../../../pic32c/lib/thumb/v6-m/nofp\libg-musl.a(__environ.o)
 .ARM.attributes
                0x00000444       0x1e c:/program files/microchip/xc32/v4.21/bin/bin/../../lib/gcc/pic32c/8.3.1/thumb/v6-m/nofp\libgcc.a(_udivsi3.o)
 .ARM.attributes
                0x00000462       0x1e c:/program files/microchip/xc32/v4.21/bin/bin/../../lib/gcc/pic32c/8.3.1/thumb/v6-m/nofp\libgcc.a(_dvmd_tls.o)
 .ARM.attributes
                0x00000480       0x1e c:/program files/microchip/xc32/v4.21/bin/bin/../../lib/gcc/pic32c/8.3.1/thumb/v6-m/nofp/crtn.o

.comment        0x00000000       0x2b
 .comment       0x00000000       0x2b c:/program files/microchip/xc32/v4.21/bin/bin/../../lib/gcc/pic32c/8.3.1/thumb/v6-m/nofp/crtbegin.o
                                 0x2c (size before relaxing)
 .comment       0x0000002b       0x2c build/DevBoard/debug/_ext/975524824/plib_adc.o
 .comment       0x0000002b       0x2c build/DevBoard/debug/_ext/1178585414/plib_clock.o
 .comment       0x0000002b       0x2c build/DevBoard/debug/_ext/975527614/plib_dac.o
 .comment       0x0000002b       0x2c build/DevBoard/debug/_ext/975528823/plib_eic.o
 .comment       0x0000002b       0x2c build/DevBoard/debug/_ext/176903338/plib_nvic.o
 .comment       0x0000002b       0x2c build/DevBoard/debug/_ext/206279368/plib_nvmctrl.o
 .comment       0x0000002b       0x2c build/DevBoard/debug/_ext/176956489/plib_port.o
 .comment       0x0000002b       0x2c build/DevBoard/debug/_ext/757832901/plib_sercom1_spi_master.o
 .comment       0x0000002b       0x2c build/DevBoard/debug/_ext/440754466/plib_systick.o
 .comment       0x0000002b       0x2c build/DevBoard/debug/_ext/522720201/plib_tc3.o
 .comment       0x0000002b       0x2c build/DevBoard/debug/_ext/522720201/plib_tc4.o
 .comment       0x0000002b       0x2c build/DevBoard/debug/_ext/1844592860/exceptions.o
 .comment       0x0000002b       0x2c build/DevBoard/debug/_ext/1844592860/startup_xc32.o
 .comment       0x0000002b       0x2c build/DevBoard/debug/_ext/1844592860/interrupts.o
 .comment       0x0000002b       0x2c build/DevBoard/debug/_ext/1844592860/initialization.o
 .comment       0x0000002b       0x2c build/DevBoard/debug/_ext/1360937237/main.o
 .comment       0x0000002b       0x2c build/DevBoard/debug/ST7735.o
 .comment       0x0000002b       0x2c build/DevBoard/debug/_ext/522720201/plib_tc5.o
 .comment       0x0000002b       0x2c c:/program files/microchip/xc32/v4.21/bin/bin/../../lib/gcc/pic32c/8.3.1/../../../../pic32c/lib/thumb/v6-m/nofp\libpic32c.a(data_init_wrapper.o)
 .comment       0x0000002b       0x2c c:/program files/microchip/xc32/v4.21/bin/bin/../../lib/gcc/pic32c/8.3.1/../../../../pic32c/lib/thumb/v6-m/nofp\libpic32c.a(data_init_0_1.o)
 .comment       0x0000002b       0x2c c:/program files/microchip/xc32/v4.21/bin/bin/../../lib/gcc/pic32c/8.3.1/../../../../pic32c/lib/thumb/v6-m/nofp\libg-musl.a(__libc_start_main.o)
 .comment       0x0000002b       0x2c c:/program files/microchip/xc32/v4.21/bin/bin/../../lib/gcc/pic32c/8.3.1/../../../../pic32c/lib/thumb/v6-m/nofp\libg-musl.a(libc.o)
 .comment       0x0000002b       0x2c c:/program files/microchip/xc32/v4.21/bin/bin/../../lib/gcc/pic32c/8.3.1/../../../../pic32c/lib/thumb/v6-m/nofp\libg-musl.a(__environ.o)

.debug_info     0x00000000     0xc7e3
 .debug_info    0x00000000      0xe10 build/DevBoard/debug/_ext/975524824/plib_adc.o
 .debug_info    0x00000e10      0xa2b build/DevBoard/debug/_ext/1178585414/plib_clock.o
 .debug_info    0x0000183b      0x4e1 build/DevBoard/debug/_ext/975527614/plib_dac.o
 .debug_info    0x00001d1c      0x6db build/DevBoard/debug/_ext/975528823/plib_eic.o
 .debug_info    0x000023f7      0x998 build/DevBoard/debug/_ext/176903338/plib_nvic.o
 .debug_info    0x00002d8f      0xa6a build/DevBoard/debug/_ext/206279368/plib_nvmctrl.o
 .debug_info    0x000037f9      0xc64 build/DevBoard/debug/_ext/176956489/plib_port.o
 .debug_info    0x0000445d     0x116b build/DevBoard/debug/_ext/757832901/plib_sercom1_spi_master.o
 .debug_info    0x000055c8      0x8ae build/DevBoard/debug/_ext/440754466/plib_systick.o
 .debug_info    0x00005e76      0xb9e build/DevBoard/debug/_ext/522720201/plib_tc3.o
 .debug_info    0x00006a14      0xb9e build/DevBoard/debug/_ext/522720201/plib_tc4.o
 .debug_info    0x000075b2      0x34b build/DevBoard/debug/_ext/1844592860/exceptions.o
 .debug_info    0x000078fd      0x44f build/DevBoard/debug/_ext/1844592860/startup_xc32.o
 .debug_info    0x00007d4c      0x8bf build/DevBoard/debug/_ext/1844592860/interrupts.o
 .debug_info    0x0000860b      0x535 build/DevBoard/debug/_ext/1844592860/initialization.o
 .debug_info    0x00008b40      0xe8a build/DevBoard/debug/_ext/1360937237/main.o
 .debug_info    0x000099ca      0xf1b build/DevBoard/debug/ST7735.o
 .debug_info    0x0000a8e5      0xb9e build/DevBoard/debug/_ext/522720201/plib_tc5.o
 .debug_info    0x0000b483      0x298 c:/program files/microchip/xc32/v4.21/bin/bin/../../lib/gcc/pic32c/8.3.1/../../../../pic32c/lib/thumb/v6-m/nofp\libpic32c.a(data_init_wrapper.o)
 .debug_info    0x0000b71b      0x299 c:/program files/microchip/xc32/v4.21/bin/bin/../../lib/gcc/pic32c/8.3.1/../../../../pic32c/lib/thumb/v6-m/nofp\libpic32c.a(data_init_0_1.o)
 .debug_info    0x0000b9b4      0x617 c:/program files/microchip/xc32/v4.21/bin/bin/../../lib/gcc/pic32c/8.3.1/../../../../pic32c/lib/thumb/v6-m/nofp\libg-musl.a(__libc_start_main.o)
 .debug_info    0x0000bfcb      0x529 c:/program files/microchip/xc32/v4.21/bin/bin/../../lib/gcc/pic32c/8.3.1/../../../../pic32c/lib/thumb/v6-m/nofp\libg-musl.a(libc.o)
 .debug_info    0x0000c4f4      0x2a3 c:/program files/microchip/xc32/v4.21/bin/bin/../../lib/gcc/pic32c/8.3.1/../../../../pic32c/lib/thumb/v6-m/nofp\libg-musl.a(__environ.o)
 .debug_info    0x0000c797       0x26 c:/program files/microchip/xc32/v4.21/bin/bin/../../lib/gcc/pic32c/8.3.1/thumb/v6-m/nofp\libgcc.a(_udivsi3.o)
 .debug_info    0x0000c7bd       0x26 c:/program files/microchip/xc32/v4.21/bin/bin/../../lib/gcc/pic32c/8.3.1/thumb/v6-m/nofp\libgcc.a(_dvmd_tls.o)

.debug_abbrev   0x00000000     0x1b66
 .debug_abbrev  0x00000000      0x1d2 build/DevBoard/debug/_ext/975524824/plib_adc.o
 .debug_abbrev  0x000001d2      0x10d build/DevBoard/debug/_ext/1178585414/plib_clock.o
 .debug_abbrev  0x000002df       0xc6 build/DevBoard/debug/_ext/975527614/plib_dac.o
 .debug_abbrev  0x000003a5      0x184 build/DevBoard/debug/_ext/975528823/plib_eic.o
 .debug_abbrev  0x00000529      0x1d4 build/DevBoard/debug/_ext/176903338/plib_nvic.o
 .debug_abbrev  0x000006fd      0x174 build/DevBoard/debug/_ext/206279368/plib_nvmctrl.o
 .debug_abbrev  0x00000871      0x189 build/DevBoard/debug/_ext/176956489/plib_port.o
 .debug_abbrev  0x000009fa      0x20a build/DevBoard/debug/_ext/757832901/plib_sercom1_spi_master.o
 .debug_abbrev  0x00000c04      0x187 build/DevBoard/debug/_ext/440754466/plib_systick.o
 .debug_abbrev  0x00000d8b      0x1be build/DevBoard/debug/_ext/522720201/plib_tc3.o
 .debug_abbrev  0x00000f49      0x1be build/DevBoard/debug/_ext/522720201/plib_tc4.o
 .debug_abbrev  0x00001107       0x3e build/DevBoard/debug/_ext/1844592860/exceptions.o
 .debug_abbrev  0x00001145       0xd4 build/DevBoard/debug/_ext/1844592860/startup_xc32.o
 .debug_abbrev  0x00001219       0xb5 build/DevBoard/debug/_ext/1844592860/interrupts.o
 .debug_abbrev  0x000012ce       0xb1 build/DevBoard/debug/_ext/1844592860/initialization.o
 .debug_abbrev  0x0000137f      0x1d9 build/DevBoard/debug/_ext/1360937237/main.o
 .debug_abbrev  0x00001558      0x1a6 build/DevBoard/debug/ST7735.o
 .debug_abbrev  0x000016fe      0x1be build/DevBoard/debug/_ext/522720201/plib_tc5.o
 .debug_abbrev  0x000018bc       0x2e c:/program files/microchip/xc32/v4.21/bin/bin/../../lib/gcc/pic32c/8.3.1/../../../../pic32c/lib/thumb/v6-m/nofp\libpic32c.a(data_init_wrapper.o)
 .debug_abbrev  0x000018ea       0x2e c:/program files/microchip/xc32/v4.21/bin/bin/../../lib/gcc/pic32c/8.3.1/../../../../pic32c/lib/thumb/v6-m/nofp\libpic32c.a(data_init_0_1.o)
 .debug_abbrev  0x00001918      0x117 c:/program files/microchip/xc32/v4.21/bin/bin/../../lib/gcc/pic32c/8.3.1/../../../../pic32c/lib/thumb/v6-m/nofp\libg-musl.a(__libc_start_main.o)
 .debug_abbrev  0x00001a2f       0xb8 c:/program files/microchip/xc32/v4.21/bin/bin/../../lib/gcc/pic32c/8.3.1/../../../../pic32c/lib/thumb/v6-m/nofp\libg-musl.a(libc.o)
 .debug_abbrev  0x00001ae7       0x57 c:/program files/microchip/xc32/v4.21/bin/bin/../../lib/gcc/pic32c/8.3.1/../../../../pic32c/lib/thumb/v6-m/nofp\libg-musl.a(__environ.o)
 .debug_abbrev  0x00001b3e       0x14 c:/program files/microchip/xc32/v4.21/bin/bin/../../lib/gcc/pic32c/8.3.1/thumb/v6-m/nofp\libgcc.a(_udivsi3.o)
 .debug_abbrev  0x00001b52       0x14 c:/program files/microchip/xc32/v4.21/bin/bin/../../lib/gcc/pic32c/8.3.1/thumb/v6-m/nofp\libgcc.a(_dvmd_tls.o)

.debug_loc      0x00000000     0x1de6
 .debug_loc     0x00000000      0x2a8 build/DevBoard/debug/_ext/975524824/plib_adc.o
 .debug_loc     0x000002a8       0xe8 build/DevBoard/debug/_ext/1178585414/plib_clock.o
 .debug_loc     0x00000390       0x64 build/DevBoard/debug/_ext/975527614/plib_dac.o
 .debug_loc     0x000003f4      0x10c build/DevBoard/debug/_ext/975528823/plib_eic.o
 .debug_loc     0x00000500      0x138 build/DevBoard/debug/_ext/176903338/plib_nvic.o
 .debug_loc     0x00000638      0x388 build/DevBoard/debug/_ext/206279368/plib_nvmctrl.o
 .debug_loc     0x000009c0      0x25c build/DevBoard/debug/_ext/176956489/plib_port.o
 .debug_loc     0x00000c1c      0x138 build/DevBoard/debug/_ext/757832901/plib_sercom1_spi_master.o
 .debug_loc     0x00000d54      0x320 build/DevBoard/debug/_ext/440754466/plib_systick.o
 .debug_loc     0x00001074      0x220 build/DevBoard/debug/_ext/522720201/plib_tc3.o
 .debug_loc     0x00001294      0x220 build/DevBoard/debug/_ext/522720201/plib_tc4.o
 .debug_loc     0x000014b4       0x58 build/DevBoard/debug/_ext/1844592860/exceptions.o
 .debug_loc     0x0000150c       0x20 build/DevBoard/debug/_ext/1844592860/startup_xc32.o
 .debug_loc     0x0000152c       0x38 build/DevBoard/debug/_ext/1844592860/initialization.o
 .debug_loc     0x00001564      0x188 build/DevBoard/debug/_ext/1360937237/main.o
 .debug_loc     0x000016ec      0x454 build/DevBoard/debug/ST7735.o
 .debug_loc     0x00001b40      0x220 build/DevBoard/debug/_ext/522720201/plib_tc5.o
 .debug_loc     0x00001d60       0x14 c:/program files/microchip/xc32/v4.21/bin/bin/../../lib/gcc/pic32c/8.3.1/../../../../pic32c/lib/thumb/v6-m/nofp\libpic32c.a(data_init_wrapper.o)
 .debug_loc     0x00001d74       0x14 c:/program files/microchip/xc32/v4.21/bin/bin/../../lib/gcc/pic32c/8.3.1/../../../../pic32c/lib/thumb/v6-m/nofp\libpic32c.a(data_init_0_1.o)
 .debug_loc     0x00001d88       0x5e c:/program files/microchip/xc32/v4.21/bin/bin/../../lib/gcc/pic32c/8.3.1/../../../../pic32c/lib/thumb/v6-m/nofp\libg-musl.a(__libc_start_main.o)

.debug_aranges  0x00000000      0x720
 .debug_aranges
                0x00000000       0x80 build/DevBoard/debug/_ext/975524824/plib_adc.o
 .debug_aranges
                0x00000080       0x40 build/DevBoard/debug/_ext/1178585414/plib_clock.o
 .debug_aranges
                0x000000c0       0x28 build/DevBoard/debug/_ext/975527614/plib_dac.o
 .debug_aranges
                0x000000e8       0x40 build/DevBoard/debug/_ext/975528823/plib_eic.o
 .debug_aranges
                0x00000128       0x48 build/DevBoard/debug/_ext/176903338/plib_nvic.o
 .debug_aranges
                0x00000170       0xa0 build/DevBoard/debug/_ext/206279368/plib_nvmctrl.o
 .debug_aranges
                0x00000210       0x70 build/DevBoard/debug/_ext/176956489/plib_port.o
 .debug_aranges
                0x00000280       0x48 build/DevBoard/debug/_ext/757832901/plib_sercom1_spi_master.o
 .debug_aranges
                0x000002c8       0x98 build/DevBoard/debug/_ext/440754466/plib_systick.o
 .debug_aranges
                0x00000360       0x70 build/DevBoard/debug/_ext/522720201/plib_tc3.o
 .debug_aranges
                0x000003d0       0x70 build/DevBoard/debug/_ext/522720201/plib_tc4.o
 .debug_aranges
                0x00000440       0x28 build/DevBoard/debug/_ext/1844592860/exceptions.o
 .debug_aranges
                0x00000468       0x28 build/DevBoard/debug/_ext/1844592860/startup_xc32.o
 .debug_aranges
                0x00000490       0x20 build/DevBoard/debug/_ext/1844592860/interrupts.o
 .debug_aranges
                0x000004b0       0x20 build/DevBoard/debug/_ext/1844592860/initialization.o
 .debug_aranges
                0x000004d0       0x50 build/DevBoard/debug/_ext/1360937237/main.o
 .debug_aranges
                0x00000520       0xb8 build/DevBoard/debug/ST7735.o
 .debug_aranges
                0x000005d8       0x70 build/DevBoard/debug/_ext/522720201/plib_tc5.o
 .debug_aranges
                0x00000648       0x20 c:/program files/microchip/xc32/v4.21/bin/bin/../../lib/gcc/pic32c/8.3.1/../../../../pic32c/lib/thumb/v6-m/nofp\libpic32c.a(data_init_wrapper.o)
 .debug_aranges
                0x00000668       0x20 c:/program files/microchip/xc32/v4.21/bin/bin/../../lib/gcc/pic32c/8.3.1/../../../../pic32c/lib/thumb/v6-m/nofp\libpic32c.a(data_init_0_1.o)
 .debug_aranges
                0x00000688       0x28 c:/program files/microchip/xc32/v4.21/bin/bin/../../lib/gcc/pic32c/8.3.1/../../../../pic32c/lib/thumb/v6-m/nofp\libg-musl.a(__libc_start_main.o)
 .debug_aranges
                0x000006b0       0x18 c:/program files/microchip/xc32/v4.21/bin/bin/../../lib/gcc/pic32c/8.3.1/../../../../pic32c/lib/thumb/v6-m/nofp\libg-musl.a(libc.o)
 .debug_aranges
                0x000006c8       0x18 c:/program files/microchip/xc32/v4.21/bin/bin/../../lib/gcc/pic32c/8.3.1/../../../../pic32c/lib/thumb/v6-m/nofp\libg-musl.a(__environ.o)
 .debug_aranges
                0x000006e0       0x20 c:/program files/microchip/xc32/v4.21/bin/bin/../../lib/gcc/pic32c/8.3.1/thumb/v6-m/nofp\libgcc.a(_udivsi3.o)
 .debug_aranges
                0x00000700       0x20 c:/program files/microchip/xc32/v4.21/bin/bin/../../lib/gcc/pic32c/8.3.1/thumb/v6-m/nofp\libgcc.a(_dvmd_tls.o)

.debug_ranges   0x00000000      0x578
 .debug_ranges  0x00000000       0x70 build/DevBoard/debug/_ext/975524824/plib_adc.o
 .debug_ranges  0x00000070       0x30 build/DevBoard/debug/_ext/1178585414/plib_clock.o
 .debug_ranges  0x000000a0       0x18 build/DevBoard/debug/_ext/975527614/plib_dac.o
 .debug_ranges  0x000000b8       0x30 build/DevBoard/debug/_ext/975528823/plib_eic.o
 .debug_ranges  0x000000e8       0x38 build/DevBoard/debug/_ext/176903338/plib_nvic.o
 .debug_ranges  0x00000120       0x90 build/DevBoard/debug/_ext/206279368/plib_nvmctrl.o
 .debug_ranges  0x000001b0       0x60 build/DevBoard/debug/_ext/176956489/plib_port.o
 .debug_ranges  0x00000210       0x38 build/DevBoard/debug/_ext/757832901/plib_sercom1_spi_master.o
 .debug_ranges  0x00000248       0x88 build/DevBoard/debug/_ext/440754466/plib_systick.o
 .debug_ranges  0x000002d0       0x60 build/DevBoard/debug/_ext/522720201/plib_tc3.o
 .debug_ranges  0x00000330       0x60 build/DevBoard/debug/_ext/522720201/plib_tc4.o
 .debug_ranges  0x00000390       0x18 build/DevBoard/debug/_ext/1844592860/exceptions.o
 .debug_ranges  0x000003a8       0x18 build/DevBoard/debug/_ext/1844592860/startup_xc32.o
 .debug_ranges  0x000003c0       0x10 build/DevBoard/debug/_ext/1844592860/interrupts.o
 .debug_ranges  0x000003d0       0x10 build/DevBoard/debug/_ext/1844592860/initialization.o
 .debug_ranges  0x000003e0       0x40 build/DevBoard/debug/_ext/1360937237/main.o
 .debug_ranges  0x00000420       0xa8 build/DevBoard/debug/ST7735.o
 .debug_ranges  0x000004c8       0x60 build/DevBoard/debug/_ext/522720201/plib_tc5.o
 .debug_ranges  0x00000528       0x10 c:/program files/microchip/xc32/v4.21/bin/bin/../../lib/gcc/pic32c/8.3.1/../../../../pic32c/lib/thumb/v6-m/nofp\libpic32c.a(data_init_wrapper.o)
 .debug_ranges  0x00000538       0x10 c:/program files/microchip/xc32/v4.21/bin/bin/../../lib/gcc/pic32c/8.3.1/../../../../pic32c/lib/thumb/v6-m/nofp\libpic32c.a(data_init_0_1.o)
 .debug_ranges  0x00000548       0x30 c:/program files/microchip/xc32/v4.21/bin/bin/../../lib/gcc/pic32c/8.3.1/../../../../pic32c/lib/thumb/v6-m/nofp\libg-musl.a(__libc_start_main.o)

.debug_line     0x00000000     0x33a1
 .debug_line    0x00000000      0x333 build/DevBoard/debug/_ext/975524824/plib_adc.o
 .debug_line    0x00000333      0x1ff build/DevBoard/debug/_ext/1178585414/plib_clock.o
 .debug_line    0x00000532      0x125 build/DevBoard/debug/_ext/975527614/plib_dac.o
 .debug_line    0x00000657      0x1f8 build/DevBoard/debug/_ext/975528823/plib_eic.o
 .debug_line    0x0000084f      0x28c build/DevBoard/debug/_ext/176903338/plib_nvic.o
 .debug_line    0x00000adb      0x3ba build/DevBoard/debug/_ext/206279368/plib_nvmctrl.o
 .debug_line    0x00000e95      0x2d8 build/DevBoard/debug/_ext/176956489/plib_port.o
 .debug_line    0x0000116d      0x364 build/DevBoard/debug/_ext/757832901/plib_sercom1_spi_master.o
 .debug_line    0x000014d1      0x34f build/DevBoard/debug/_ext/440754466/plib_systick.o
 .debug_line    0x00001820      0x2f7 build/DevBoard/debug/_ext/522720201/plib_tc3.o
 .debug_line    0x00001b17      0x2d3 build/DevBoard/debug/_ext/522720201/plib_tc4.o
 .debug_line    0x00001dea       0x73 build/DevBoard/debug/_ext/1844592860/exceptions.o
 .debug_line    0x00001e5d      0x105 build/DevBoard/debug/_ext/1844592860/startup_xc32.o
 .debug_line    0x00001f62       0xb7 build/DevBoard/debug/_ext/1844592860/interrupts.o
 .debug_line    0x00002019       0xf9 build/DevBoard/debug/_ext/1844592860/initialization.o
 .debug_line    0x00002112      0x298 build/DevBoard/debug/_ext/1360937237/main.o
 .debug_line    0x000023aa      0x68e build/DevBoard/debug/ST7735.o
 .debug_line    0x00002a38      0x2d3 build/DevBoard/debug/_ext/522720201/plib_tc5.o
 .debug_line    0x00002d0b       0xac c:/program files/microchip/xc32/v4.21/bin/bin/../../lib/gcc/pic32c/8.3.1/../../../../pic32c/lib/thumb/v6-m/nofp\libpic32c.a(data_init_wrapper.o)
 .debug_line    0x00002db7      0x114 c:/program files/microchip/xc32/v4.21/bin/bin/../../lib/gcc/pic32c/8.3.1/../../../../pic32c/lib/thumb/v6-m/nofp\libpic32c.a(data_init_0_1.o)
 .debug_line    0x00002ecb      0x1ca c:/program files/microchip/xc32/v4.21/bin/bin/../../lib/gcc/pic32c/8.3.1/../../../../pic32c/lib/thumb/v6-m/nofp\libg-musl.a(__libc_start_main.o)
 .debug_line    0x00003095       0xbc c:/program files/microchip/xc32/v4.21/bin/bin/../../lib/gcc/pic32c/8.3.1/../../../../pic32c/lib/thumb/v6-m/nofp\libg-musl.a(libc.o)
 .debug_line    0x00003151      0x109 c:/program files/microchip/xc32/v4.21/bin/bin/../../lib/gcc/pic32c/8.3.1/../../../../pic32c/lib/thumb/v6-m/nofp\libg-musl.a(__environ.o)
 .debug_line    0x0000325a       0xaf c:/program files/microchip/xc32/v4.21/bin/bin/../../lib/gcc/pic32c/8.3.1/thumb/v6-m/nofp\libgcc.a(_udivsi3.o)
 .debug_line    0x00003309       0x98 c:/program files/microchip/xc32/v4.21/bin/bin/../../lib/gcc/pic32c/8.3.1/thumb/v6-m/nofp\libgcc.a(_dvmd_tls.o)

.debug_str      0x00000000      0x5f3
 .debug_str     0x00000000       0x2a build/DevBoard/debug/_ext/975524824/plib_adc.o
 .debug_str     0x0000002a       0x28 build/DevBoard/debug/_ext/1178585414/plib_clock.o
 .debug_str     0x00000052        0x0 build/DevBoard/debug/_ext/975527614/plib_dac.o
 .debug_str     0x00000052       0x11 build/DevBoard/debug/_ext/975528823/plib_eic.o
 .debug_str     0x00000063        0xa build/DevBoard/debug/_ext/176903338/plib_nvic.o
 .debug_str     0x0000006d       0x16 build/DevBoard/debug/_ext/206279368/plib_nvmctrl.o
 .debug_str     0x00000083        0xb build/DevBoard/debug/_ext/176956489/plib_port.o
 .debug_str     0x0000008e      0x110 build/DevBoard/debug/_ext/757832901/plib_sercom1_spi_master.o
 .debug_str     0x0000019e       0x5e build/DevBoard/debug/_ext/440754466/plib_systick.o
 .debug_str     0x000001fc       0xaf build/DevBoard/debug/_ext/522720201/plib_tc3.o
 .debug_str     0x000002ab       0xaf build/DevBoard/debug/_ext/522720201/plib_tc4.o
 .debug_str     0x0000035a        0x0 build/DevBoard/debug/_ext/1844592860/exceptions.o
 .debug_str     0x0000035a        0x0 build/DevBoard/debug/_ext/1844592860/startup_xc32.o
 .debug_str     0x0000035a        0x0 build/DevBoard/debug/_ext/1844592860/interrupts.o
 .debug_str     0x0000035a        0x0 build/DevBoard/debug/_ext/1844592860/initialization.o
 .debug_str     0x0000035a        0x8 build/DevBoard/debug/_ext/1360937237/main.o
 .debug_str     0x00000362       0x10 build/DevBoard/debug/ST7735.o
 .debug_str     0x00000372       0xaf build/DevBoard/debug/_ext/522720201/plib_tc5.o
 .debug_str     0x00000421        0x0 c:/program files/microchip/xc32/v4.21/bin/bin/../../lib/gcc/pic32c/8.3.1/../../../../pic32c/lib/thumb/v6-m/nofp\libpic32c.a(data_init_wrapper.o)
 .debug_str     0x00000421        0x0 c:/program files/microchip/xc32/v4.21/bin/bin/../../lib/gcc/pic32c/8.3.1/../../../../pic32c/lib/thumb/v6-m/nofp\libpic32c.a(data_init_0_1.o)
 .debug_str     0x00000421        0x0 c:/program files/microchip/xc32/v4.21/bin/bin/../../lib/gcc/pic32c/8.3.1/../../../../pic32c/lib/thumb/v6-m/nofp\libg-musl.a(__libc_start_main.o)
 .debug_str     0x00000421        0x0 c:/program files/microchip/xc32/v4.21/bin/bin/../../lib/gcc/pic32c/8.3.1/../../../../pic32c/lib/thumb/v6-m/nofp\libg-musl.a(libc.o)
 .debug_str     0x00000421        0x0 c:/program files/microchip/xc32/v4.21/bin/bin/../../lib/gcc/pic32c/8.3.1/../../../../pic32c/lib/thumb/v6-m/nofp\libg-musl.a(__environ.o)
 .debug_str     0x00000421       0xe9 c:/program files/microchip/xc32/v4.21/bin/bin/../../lib/gcc/pic32c/8.3.1/thumb/v6-m/nofp\libgcc.a(_udivsi3.o)
 .debug_str     0x0000050a       0xe9 c:/program files/microchip/xc32/v4.21/bin/bin/../../lib/gcc/pic32c/8.3.1/thumb/v6-m/nofp\libgcc.a(_dvmd_tls.o)

.debug_frame    0x00000000     0x1360
 .debug_frame   0x00000000      0x1a0 build/DevBoard/debug/_ext/975524824/plib_adc.o
 .debug_frame   0x000001a0       0xa0 build/DevBoard/debug/_ext/1178585414/plib_clock.o
 .debug_frame   0x00000240       0x4c build/DevBoard/debug/_ext/975527614/plib_dac.o
 .debug_frame   0x0000028c       0xac build/DevBoard/debug/_ext/975528823/plib_eic.o
 .debug_frame   0x00000338       0xc8 build/DevBoard/debug/_ext/176903338/plib_nvic.o
 .debug_frame   0x00000400      0x220 build/DevBoard/debug/_ext/206279368/plib_nvmctrl.o
 .debug_frame   0x00000620      0x16c build/DevBoard/debug/_ext/176956489/plib_port.o
 .debug_frame   0x0000078c       0xc8 build/DevBoard/debug/_ext/757832901/plib_sercom1_spi_master.o
 .debug_frame   0x00000854      0x1f0 build/DevBoard/debug/_ext/440754466/plib_systick.o
 .debug_frame   0x00000a44      0x158 build/DevBoard/debug/_ext/522720201/plib_tc3.o
 .debug_frame   0x00000b9c      0x158 build/DevBoard/debug/_ext/522720201/plib_tc4.o
 .debug_frame   0x00000cf4       0x48 build/DevBoard/debug/_ext/1844592860/exceptions.o
 .debug_frame   0x00000d3c       0x38 build/DevBoard/debug/_ext/1844592860/startup_xc32.o
 .debug_frame   0x00000d74       0x20 build/DevBoard/debug/_ext/1844592860/interrupts.o
 .debug_frame   0x00000d94       0x30 build/DevBoard/debug/_ext/1844592860/initialization.o
 .debug_frame   0x00000dc4       0xf0 build/DevBoard/debug/_ext/1360937237/main.o
 .debug_frame   0x00000eb4      0x2a4 build/DevBoard/debug/ST7735.o
 .debug_frame   0x00001158      0x158 build/DevBoard/debug/_ext/522720201/plib_tc5.o
 .debug_frame   0x000012b0       0x28 c:/program files/microchip/xc32/v4.21/bin/bin/../../lib/gcc/pic32c/8.3.1/../../../../pic32c/lib/thumb/v6-m/nofp\libpic32c.a(data_init_wrapper.o)
 .debug_frame   0x000012d8       0x30 c:/program files/microchip/xc32/v4.21/bin/bin/../../lib/gcc/pic32c/8.3.1/../../../../pic32c/lib/thumb/v6-m/nofp\libpic32c.a(data_init_0_1.o)
 .debug_frame   0x00001308       0x38 c:/program files/microchip/xc32/v4.21/bin/bin/../../lib/gcc/pic32c/8.3.1/../../../../pic32c/lib/thumb/v6-m/nofp\libg-musl.a(__libc_start_main.o)
 .debug_frame   0x00001340       0x20 c:/program files/microchip/xc32/v4.21/bin/bin/../../lib/gcc/pic32c/8.3.1/thumb/v6-m/nofp\libgcc.a(_udivsi3.o)

.note.GNU-stack
                0x00000000        0x0
 .note.GNU-stack
                0x00000000        0x0 c:/program files/microchip/xc32/v4.21/bin/bin/../../lib/gcc/pic32c/8.3.1/../../../../pic32c/lib/thumb/v6-m/nofp\libg-musl.a(__libc_start_main.o)
 .note.GNU-stack
                0x00000000        0x0 c:/program files/microchip/xc32/v4.21/bin/bin/../../lib/gcc/pic32c/8.3.1/../../../../pic32c/lib/thumb/v6-m/nofp\libg-musl.a(libc.o)
 .note.GNU-stack
                0x00000000        0x0 c:/program files/microchip/xc32/v4.21/bin/bin/../../lib/gcc/pic32c/8.3.1/../../../../pic32c/lib/thumb/v6-m/nofp\libg-musl.a(__environ.o)

.stack          0x200003c0      0x100
 .stack         0x200003c0      0x100 stack

.bss.eicCallbackObject%1
                0x20000000       0xc0
 .bss.eicCallbackObject
                0x20000000       0xc0 build/DevBoard/debug/_ext/975528823/plib_eic.o

.bss%2          0x200000c0       0x6c
 .bss           0x200000c0       0x50 c:/program files/microchip/xc32/v4.21/bin/bin/../../lib/gcc/pic32c/8.3.1/../../../../pic32c/lib/thumb/v6-m/nofp\libg-musl.a(libc.o)
                0x200000c0                __progname_full
                0x200000c0                program_invocation_name
                0x200000c4                program_invocation_short_name
                0x200000c4                __progname
                0x200000c8                __sysinfo
                0x200000cc                __hwcap
                0x200000d0                __libc
 .bss           0x20000110       0x1c c:/program files/microchip/xc32/v4.21/bin/bin/../../lib/gcc/pic32c/8.3.1/thumb/v6-m/nofp/crtbegin.o

.bss.joystickX%4
                0x2000012c       0x10
 .bss.joystickX
                0x2000012c       0x10 build/DevBoard/debug/_ext/1360937237/main.o
                0x2000012c                joystickX

.bss.joystickY%5
                0x2000013c       0x10
 .bss.joystickY
                0x2000013c       0x10 build/DevBoard/debug/_ext/1360937237/main.o
                0x2000013c                joystickY

.bss.systick%6  0x2000014c        0xc
 .bss.systick   0x2000014c        0xc build/DevBoard/debug/_ext/440754466/plib_systick.o

.bss.ADC_CallbackObject%7
                0x20000158        0x8
 .bss.ADC_CallbackObject
                0x20000158        0x8 build/DevBoard/debug/_ext/975524824/plib_adc.o

.bss.TC3_CallbackObject%8
                0x20000160        0x8
 .bss.TC3_CallbackObject
                0x20000160        0x8 build/DevBoard/debug/_ext/522720201/plib_tc3.o

.bss.TC4_CallbackObject%9
                0x20000168        0x8
 .bss.TC4_CallbackObject
                0x20000168        0x8 build/DevBoard/debug/_ext/522720201/plib_tc4.o

.bss.TC5_CallbackObject%10
                0x20000170        0x8
 .bss.TC5_CallbackObject
                0x20000170        0x8 build/DevBoard/debug/_ext/522720201/plib_tc5.o

.bss.jumps%11   0x20000178        0x4
 .bss.jumps     0x20000178        0x4 build/DevBoard/debug/_ext/1360937237/main.o
                0x20000178                jumps

.bss.dashes%12  0x2000017c        0x4
 .bss.dashes    0x2000017c        0x4 build/DevBoard/debug/_ext/1360937237/main.o
                0x2000017c                dashes

.bss.pauses%13  0x20000180        0x4
 .bss.pauses    0x20000180        0x4 build/DevBoard/debug/_ext/1360937237/main.o
                0x20000180                pauses

.bss.StX%14     0x20000184        0x4
 .bss.StX       0x20000184        0x4 build/DevBoard/debug/ST7735.o
                0x20000184                StX

.bss.StY%15     0x20000188        0x4
 .bss.StY       0x20000188        0x4 build/DevBoard/debug/ST7735.o
                0x20000188                StY

.bss%16         0x2000018c        0x8
 .bss           0x2000018c        0x4 c:/program files/microchip/xc32/v4.21/bin/bin/../../lib/gcc/pic32c/8.3.1/../../../../pic32c/lib/thumb/v6-m/nofp\libpic32c.a(data_init_0_1.o)
 .bss           0x20000190        0x4 c:/program files/microchip/xc32/v4.21/bin/bin/../../lib/gcc/pic32c/8.3.1/../../../../pic32c/lib/thumb/v6-m/nofp\libg-musl.a(__environ.o)
                0x20000190                __environ
                0x20000190                environ
                0x20000190                ___environ
                0x20000190                _environ

.bss.i.6217%18  0x20000194        0x2
 .bss.i.6217    0x20000194        0x2 build/DevBoard/debug/_ext/1360937237/main.o

.bss.j.6218%19  0x20000196        0x2
 .bss.j.6218    0x20000196        0x2 build/DevBoard/debug/_ext/1360937237/main.o

.bss.count%20   0x20000198        0x1
 .bss.count     0x20000198        0x1 build/DevBoard/debug/_ext/1360937237/main.o
                0x20000198                count

.bss.ind%21     0x20000199        0x1
 .bss.ind       0x20000199        0x1 build/DevBoard/debug/_ext/1360937237/main.o
                0x20000199                ind

.bss.ColStart%22
                0x2000019a        0x1
 .bss.ColStart  0x2000019a        0x1 build/DevBoard/debug/ST7735.o

.bss.RowStart%23
                0x2000019b        0x1
 .bss.RowStart  0x2000019b        0x1 build/DevBoard/debug/ST7735.o

.bss.TabColor%24
                0x2000019c        0x1
 .bss.TabColor  0x2000019c        0x1 build/DevBoard/debug/ST7735.o

.data.StTextColor%25
                0x2000019e        0x2
 .data.StTextColor
                0x2000019e        0x2 build/DevBoard/debug/ST7735.o
                0x2000019e                StTextColor

.data._width%26
                0x200001a0        0x2
 .data._width   0x200001a0        0x2 build/DevBoard/debug/ST7735.o

.data._height%27
                0x200001a2        0x2
 .data._height  0x200001a2        0x2 build/DevBoard/debug/ST7735.o

.data.is_channel_one.6216%28
                0x2000019d        0x1
 .data.is_channel_one.6216
                0x2000019d        0x1 build/DevBoard/debug/_ext/1360937237/main.o

.eh_frame%z1    0x00000000        0x0
 .eh_frame      0x00000000        0x0 c:/program files/microchip/xc32/v4.21/bin/bin/../../lib/gcc/pic32c/8.3.1/thumb/v6-m/nofp/crtbegin.o

.config_00804004.__config_00804004%29
                0x00804004        0x4
 .config_00804004.__config_00804004
                0x00804004        0x4 build/DevBoard/debug/_ext/1844592860/initialization.o
                0x00804004                __config_00804004

.config_00804000.__config_00804000%30
                0x00804000        0x4
 .config_00804000.__config_00804000
                0x00804000        0x4 build/DevBoard/debug/_ext/1844592860/initialization.o
                0x00804000                __config_00804000

.rodata.cal%31  0x000000d8     0x9600
 .rodata.cal    0x000000d8     0x9600 build/DevBoard/debug/_ext/1360937237/main.o
                0x000000d8                cal

.text.ST7735_DrawBitmap%32
                0x000096d8      0x2e4
 .text.ST7735_DrawBitmap
                0x000096d8      0x2e4 build/DevBoard/debug/ST7735.o
                0x000096d8                ST7735_DrawBitmap

.text.SERCOM1_SPI_WriteRead%33
                0x000099bc      0x204
 .text.SERCOM1_SPI_WriteRead
                0x000099bc      0x204 build/DevBoard/debug/_ext/757832901/plib_sercom1_spi_master.o
                0x000099bc                SERCOM1_SPI_WriteRead

.rodata.wave%34
                0x00009bc0      0x200
 .rodata.wave   0x00009bc0      0x200 build/DevBoard/debug/_ext/1360937237/main.o
                0x00009bc0                wave

.dinit%35       0x00009dc0      0x170
 .dinit         0x00009dc0      0x170 data_init

.text.ST7735_FillRect%36
                0x00009f30      0x16c
 .text.ST7735_FillRect
                0x00009f30      0x16c build/DevBoard/debug/ST7735.o
                0x00009f30                ST7735_FillRect

.text.EIC_Initialize%37
                0x0000a09c       0xe8
 .text.EIC_Initialize
                0x0000a09c       0xe8 build/DevBoard/debug/_ext/975528823/plib_eic.o
                0x0000a09c                EIC_Initialize

.text.myadc_handler%38
                0x0000a184       0xe8
 .text.myadc_handler
                0x0000a184       0xe8 build/DevBoard/debug/_ext/1360937237/main.o
                0x0000a184                myadc_handler

.text.__NVIC_SetPriority%39
                0x0000a26c       0xdc
 .text.__NVIC_SetPriority
                0x0000a26c       0xdc build/DevBoard/debug/_ext/176903338/plib_nvic.o

.text.ADC_Initialize%40
                0x0000a348       0xcc
 .text.ADC_Initialize
                0x0000a348       0xcc build/DevBoard/debug/_ext/975524824/plib_adc.o
                0x0000a348                ADC_Initialize

.text.EIC_InterruptHandler%41
                0x0000a414       0xc0
 .text.EIC_InterruptHandler
                0x0000a414       0xc0 build/DevBoard/debug/_ext/975528823/plib_eic.o
                0x0000a414                EIC_InterruptHandler

.text.PORT_Initialize%42
                0x0000a4d4       0xbc
 .text.PORT_Initialize
                0x0000a4d4       0xbc build/DevBoard/debug/_ext/176956489/plib_port.o
                0x0000a4d4                PORT_Initialize

.text.commandList%43
                0x0000a590       0xba
 .text.commandList
                0x0000a590       0xba build/DevBoard/debug/ST7735.o

.text.setAddrWindow%44
                0x0000a64c       0xa8
 .text.setAddrWindow
                0x0000a64c       0xa8 build/DevBoard/debug/ST7735.o

.text.ST7735_InitR%45
                0x0000a6f4       0xa0
 .text.ST7735_InitR
                0x0000a6f4       0xa0 build/DevBoard/debug/ST7735.o
                0x0000a6f4                ST7735_InitR

.text.main%46   0x0000a794       0x9c
 .text.main     0x0000a794       0x9c build/DevBoard/debug/_ext/1360937237/main.o
                0x0000a794                main

.text%47        0x0000a830       0x8c
 .text          0x0000a830       0x8c c:/program files/microchip/xc32/v4.21/bin/bin/../../lib/gcc/pic32c/8.3.1/thumb/v6-m/nofp\libgcc.a(_udivsi3.o)
                0x0000a830                __aeabi_uidiv
                0x0000a830                __udivsi3
                0x0000a8a8                __aeabi_uidivmod

.text.DFLL_Initialize%48
                0x0000a8bc       0x80
 .text.DFLL_Initialize
                0x0000a8bc       0x80 build/DevBoard/debug/_ext/1178585414/plib_clock.o

.text.commonInit%49
                0x0000a93c       0x78
 .text.commonInit
                0x0000a93c       0x78 build/DevBoard/debug/ST7735.o

.text.CLOCK_Initialize%50
                0x0000a9b4       0x74
 .text.CLOCK_Initialize
                0x0000a9b4       0x74 build/DevBoard/debug/_ext/1178585414/plib_clock.o
                0x0000a9b4                CLOCK_Initialize

.text.delayMs%51
                0x0000aa28       0x70
 .text.delayMs  0x0000aa28       0x70 build/DevBoard/debug/ST7735.o
                0x0000aa28                delayMs

.text.__pic32c_data_initialization_impl%52
                0x0000aa98       0x70
 .text.__pic32c_data_initialization_impl
                0x0000aa98       0x70 c:/program files/microchip/xc32/v4.21/bin/bin/../../lib/gcc/pic32c/8.3.1/../../../../pic32c/lib/thumb/v6-m/nofp\libpic32c.a(data_init_0_1.o)
                0x0000aa98                __copy_needed
                0x0000aa98                __pic32c_data_initialization_impl

.text.EIC_CallbackRegister%53
                0x0000ab08       0x68
 .text.EIC_CallbackRegister
                0x0000ab08       0x68 build/DevBoard/debug/_ext/975528823/plib_eic.o
                0x0000ab08                EIC_CallbackRegister

.text.TC3_TimerInitialize%54
                0x0000ab70       0x5c
 .text.TC3_TimerInitialize
                0x0000ab70       0x5c build/DevBoard/debug/_ext/522720201/plib_tc3.o
                0x0000ab70                TC3_TimerInitialize

.text.__libc_start_init%55
                0x0000abcc       0x5c
 .text.__libc_start_init
                0x0000abcc       0x5c c:/program files/microchip/xc32/v4.21/bin/bin/../../lib/gcc/pic32c/8.3.1/../../../../pic32c/lib/thumb/v6-m/nofp\libg-musl.a(__libc_start_main.o)
                0x0000abcc                __libc_init_array

.text.TC5_TimerInitialize%56
                0x0000ac28       0x58
 .text.TC5_TimerInitialize
                0x0000ac28       0x58 build/DevBoard/debug/_ext/522720201/plib_tc5.o
                0x0000ac28                TC5_TimerInitialize

.text.NVIC_Initialize%57
                0x0000ac80       0x56
 .text.NVIC_Initialize
                0x0000ac80       0x56 build/DevBoard/debug/_ext/176903338/plib_nvic.o
                0x0000ac80                NVIC_Initialize

.text.ADC_ChannelSelect%58
                0x0000acd8       0x54
 .text.ADC_ChannelSelect
                0x0000acd8       0x54 build/DevBoard/debug/_ext/975524824/plib_adc.o
                0x0000acd8                ADC_ChannelSelect

.text.TC4_TimerInitialize%59
                0x0000ad2c       0x54
 .text.TC4_TimerInitialize
                0x0000ad2c       0x54 build/DevBoard/debug/_ext/522720201/plib_tc4.o
                0x0000ad2c                TC4_TimerInitialize

.text.TC3_TimerStart%60
                0x0000ad80       0x4c
 .text.TC3_TimerStart
                0x0000ad80       0x4c build/DevBoard/debug/_ext/522720201/plib_tc3.o
                0x0000ad80                TC3_TimerStart

.text.SYS_Initialize%61
                0x0000adcc       0x4c
 .text.SYS_Initialize
                0x0000adcc       0x4c build/DevBoard/debug/_ext/1844592860/initialization.o
                0x0000adcc                SYS_Initialize

.text%62        0x0000ae18       0x48
 .text          0x0000ae18       0x48 c:/program files/microchip/xc32/v4.21/bin/bin/../../lib/gcc/pic32c/8.3.1/thumb/v6-m/nofp/crtbegin.o

.text.Reset_Handler%63
                0x0000ae60       0x48
 .text.Reset_Handler
                0x0000ae60       0x48 build/DevBoard/debug/_ext/1844592860/startup_xc32.o
                0x0000ae60                Reset_Handler

.text.ADC_InterruptHandler%64
                0x0000aea8       0x40
 .text.ADC_InterruptHandler
                0x0000aea8       0x40 build/DevBoard/debug/_ext/975524824/plib_adc.o
                0x0000aea8                ADC_InterruptHandler

.text.TC3_TimerInterruptHandler%65
                0x0000aee8       0x40
 .text.TC3_TimerInterruptHandler
                0x0000aee8       0x40 build/DevBoard/debug/_ext/522720201/plib_tc3.o
                0x0000aee8                TC3_TimerInterruptHandler

.text.TC4_TimerInterruptHandler%66
                0x0000af28       0x40
 .text.TC4_TimerInterruptHandler
                0x0000af28       0x40 build/DevBoard/debug/_ext/522720201/plib_tc4.o
                0x0000af28                TC4_TimerInterruptHandler

.text.heartbeat%67
                0x0000af68       0x40
 .text.heartbeat
                0x0000af68       0x40 build/DevBoard/debug/_ext/1360937237/main.o
                0x0000af68                heartbeat

.text.TC5_TimerInterruptHandler%68
                0x0000afa8       0x40
 .text.TC5_TimerInterruptHandler
                0x0000afa8       0x40 build/DevBoard/debug/_ext/522720201/plib_tc5.o
                0x0000afa8                TC5_TimerInterruptHandler

.text.SYSTICK_TimerInitialize%69
                0x0000afe8       0x3c
 .text.SYSTICK_TimerInitialize
                0x0000afe8       0x3c build/DevBoard/debug/_ext/440754466/plib_systick.o
                0x0000afe8                SYSTICK_TimerInitialize

.text.SysTick_Handler%70
                0x0000b024       0x3c
 .text.SysTick_Handler
                0x0000b024       0x3c build/DevBoard/debug/_ext/440754466/plib_systick.o
                0x0000b024                SysTick_Handler

.rodata.Rcmd1%71
                0x0000b060       0x3c
 .rodata.Rcmd1  0x0000b060       0x3c build/DevBoard/debug/ST7735.o

.text.SERCOM1_SPI_Initialize%72
                0x0000b09c       0x38
 .text.SERCOM1_SPI_Initialize
                0x0000b09c       0x38 build/DevBoard/debug/_ext/757832901/plib_sercom1_spi_master.o
                0x0000b09c                SERCOM1_SPI_Initialize

.text.audio_handler%73
                0x0000b0d4       0x38
 .text.audio_handler
                0x0000b0d4       0x38 build/DevBoard/debug/_ext/1360937237/main.o
                0x0000b0d4                audio_handler

.text.ST7735_FillScreen%74
                0x0000b10c       0x38
 .text.ST7735_FillScreen
                0x0000b10c       0x38 build/DevBoard/debug/ST7735.o
                0x0000b10c                ST7735_FillScreen

.text.GCLK1_Initialize%75
                0x0000b144       0x34
 .text.GCLK1_Initialize
                0x0000b144       0x34 build/DevBoard/debug/_ext/1178585414/plib_clock.o

.text.DAC_DataWrite%76
                0x0000b178       0x34
 .text.DAC_DataWrite
                0x0000b178       0x34 build/DevBoard/debug/_ext/975527614/plib_dac.o
                0x0000b178                DAC_DataWrite

.text.__NVIC_EnableIRQ%77
                0x0000b1ac       0x34
 .text.__NVIC_EnableIRQ
                0x0000b1ac       0x34 build/DevBoard/debug/_ext/176903338/plib_nvic.o

.text.writecommand%78
                0x0000b1e0       0x34
 .text.writecommand
                0x0000b1e0       0x34 build/DevBoard/debug/ST7735.o

.text.ST7735_SetCursor%79
                0x0000b214       0x34
 .text.ST7735_SetCursor
                0x0000b214       0x34 build/DevBoard/debug/ST7735.o
                0x0000b214                ST7735_SetCursor

.text.TC3_Timer16bitPeriodSet%80
                0x0000b248       0x30
 .text.TC3_Timer16bitPeriodSet
                0x0000b248       0x30 build/DevBoard/debug/_ext/522720201/plib_tc3.o
                0x0000b248                TC3_Timer16bitPeriodSet

.text.TC4_Timer16bitPeriodSet%81
                0x0000b278       0x30
 .text.TC4_Timer16bitPeriodSet
                0x0000b278       0x30 build/DevBoard/debug/_ext/522720201/plib_tc4.o
                0x0000b278                TC4_Timer16bitPeriodSet

.text.ADC_Enable%82
                0x0000b2a8       0x2c
 .text.ADC_Enable
                0x0000b2a8       0x2c build/DevBoard/debug/_ext/975524824/plib_adc.o
                0x0000b2a8                ADC_Enable

.text.GCLK0_Initialize%83
                0x0000b2d4       0x2c
 .text.GCLK0_Initialize
                0x0000b2d4       0x2c build/DevBoard/debug/_ext/1178585414/plib_clock.o

.text.DAC_Initialize%84
                0x0000b300       0x2c
 .text.DAC_Initialize
                0x0000b300       0x2c build/DevBoard/debug/_ext/975527614/plib_dac.o
                0x0000b300                DAC_Initialize

.text.TC3_TimerStop%85
                0x0000b32c       0x2c
 .text.TC3_TimerStop
                0x0000b32c       0x2c build/DevBoard/debug/_ext/522720201/plib_tc3.o
                0x0000b32c                TC3_TimerStop

.text.TC4_TimerStart%86
                0x0000b358       0x2c
 .text.TC4_TimerStart
                0x0000b358       0x2c build/DevBoard/debug/_ext/522720201/plib_tc4.o
                0x0000b358                TC4_TimerStart

.text.TC4_TimerStop%87
                0x0000b384       0x2c
 .text.TC4_TimerStop
                0x0000b384       0x2c build/DevBoard/debug/_ext/522720201/plib_tc4.o
                0x0000b384                TC4_TimerStop

.text.jump_handler%88
                0x0000b3b0       0x2c
 .text.jump_handler
                0x0000b3b0       0x2c build/DevBoard/debug/_ext/1360937237/main.o
                0x0000b3b0                jump_handler

.text.dash_handler%89
                0x0000b3dc       0x2c
 .text.dash_handler
                0x0000b3dc       0x2c build/DevBoard/debug/_ext/1360937237/main.o
                0x0000b3dc                dash_handler

.text.pause_handler%90
                0x0000b408       0x2c
 .text.pause_handler
                0x0000b408       0x2c build/DevBoard/debug/_ext/1360937237/main.o
                0x0000b408                pause_handler

.rodata.Rcmd3%91
                0x0000b434       0x2c
 .rodata.Rcmd3  0x0000b434       0x2c build/DevBoard/debug/ST7735.o

.text.writedata%92
                0x0000b460       0x2c
 .text.writedata
                0x0000b460       0x2c build/DevBoard/debug/ST7735.o

.text.ADC_CallbackRegister%93
                0x0000b48c       0x24
 .text.ADC_CallbackRegister
                0x0000b48c       0x24 build/DevBoard/debug/_ext/975524824/plib_adc.o
                0x0000b48c                ADC_CallbackRegister

.text.SYSTICK_TimerCallbackSet%94
                0x0000b4b0       0x24
 .text.SYSTICK_TimerCallbackSet
                0x0000b4b0       0x24 build/DevBoard/debug/_ext/440754466/plib_systick.o
                0x0000b4b0                SYSTICK_TimerCallbackSet

.text.TC3_TimerCallbackRegister%95
                0x0000b4d4       0x24
 .text.TC3_TimerCallbackRegister
                0x0000b4d4       0x24 build/DevBoard/debug/_ext/522720201/plib_tc3.o
                0x0000b4d4                TC3_TimerCallbackRegister

.text.TC4_TimerCallbackRegister%96
                0x0000b4f8       0x24
 .text.TC4_TimerCallbackRegister
                0x0000b4f8       0x24 build/DevBoard/debug/_ext/522720201/plib_tc4.o
                0x0000b4f8                TC4_TimerCallbackRegister

.text.myTC3Handler%97
                0x0000b51c       0x24
 .text.myTC3Handler
                0x0000b51c       0x24 build/DevBoard/debug/ST7735.o
                0x0000b51c                myTC3Handler

.text.SERCOM1_SPI_Write%98
                0x0000b540       0x20
 .text.SERCOM1_SPI_Write
                0x0000b540       0x20 build/DevBoard/debug/_ext/757832901/plib_sercom1_spi_master.o
                0x0000b540                SERCOM1_SPI_Write

.text.SYSTICK_TimerStart%99
                0x0000b560       0x20
 .text.SYSTICK_TimerStart
                0x0000b560       0x20 build/DevBoard/debug/_ext/440754466/plib_systick.o
                0x0000b560                SYSTICK_TimerStart

.text.deselect%100
                0x0000b580       0x18
 .text.deselect
                0x0000b580       0x18 build/DevBoard/debug/ST7735.o

.text.ADC_ConversionResultGet%101
                0x0000b598       0x14
 .text.ADC_ConversionResultGet
                0x0000b598       0x14 build/DevBoard/debug/_ext/975524824/plib_adc.o
                0x0000b598                ADC_ConversionResultGet

.text.SYSCTRL_Initialize%102
                0x0000b5ac       0x14
 .text.SYSCTRL_Initialize
                0x0000b5ac       0x14 build/DevBoard/debug/_ext/1178585414/plib_clock.o

.text.NVMCTRL_Initialize%103
                0x0000b5c0       0x14
 .text.NVMCTRL_Initialize
                0x0000b5c0       0x14 build/DevBoard/debug/_ext/206279368/plib_nvmctrl.o
                0x0000b5c0                NVMCTRL_Initialize

.rodata.Rcmd2green%104
                0x0000b5d4       0x10
 .rodata.Rcmd2green
                0x0000b5d4       0x10 build/DevBoard/debug/ST7735.o

.rodata.Rcmd2red%105
                0x0000b5e4       0x10
 .rodata.Rcmd2red
                0x0000b5e4       0x10 build/DevBoard/debug/ST7735.o

.text.NonMaskableInt_Handler%106
                0x0000b5f4        0x8
 .text.NonMaskableInt_Handler
                0x0000b5f4        0x8 build/DevBoard/debug/_ext/1844592860/exceptions.o
                0x0000b5f4                NonMaskableInt_Handler

.text.HardFault_Handler%107
                0x0000b5fc        0x8
 .text.HardFault_Handler
                0x0000b5fc        0x8 build/DevBoard/debug/_ext/1844592860/exceptions.o
                0x0000b5fc                HardFault_Handler

.text.__pic32c_data_initialization%108
                0x0000b604        0x8
 .text.__pic32c_data_initialization
                0x0000b604        0x8 c:/program files/microchip/xc32/v4.21/bin/bin/../../lib/gcc/pic32c/8.3.1/../../../../pic32c/lib/thumb/v6-m/nofp\libpic32c.a(data_init_wrapper.o)
                0x0000b604                __pic32c_data_initialization

.text%109       0x0000b60c        0x4
 .text          0x0000b60c        0x4 c:/program files/microchip/xc32/v4.21/bin/bin/../../lib/gcc/pic32c/8.3.1/thumb/v6-m/nofp\libgcc.a(_dvmd_tls.o)
                0x0000b60c                __aeabi_idiv0
                0x0000b60c                __aeabi_ldiv0

.text.Dummy_App_Func%110
                0x0000a64a        0x2
 .text.Dummy_App_Func
                0x0000a64a        0x2 build/DevBoard/debug/_ext/1844592860/startup_xc32.o
                0x0000a64a                _on_reset
                0x0000a64a                _on_bootstrap
                0x0000a64a                __xc32_on_reset
                0x0000a64a                Dummy_App_Func
                0x0000a64a                __xc32_on_bootstrap

.text.Dummy_Handler%111
                0x0000acd6        0x2
 .text.Dummy_Handler
                0x0000acd6        0x2 build/DevBoard/debug/_ext/1844592860/interrupts.o
                0x0000acd6                SVCall_Handler
                0x0000acd6                DMAC_Handler
                0x0000acd6                AC_Handler
                0x0000acd6                PendSV_Handler
                0x0000acd6                SERCOM1_Handler
                0x0000acd6                TCC1_Handler
                0x0000acd6                SERCOM2_Handler
                0x0000acd6                TCC0_Handler
                0x0000acd6                RTC_Handler
                0x0000acd6                WDT_Handler
                0x0000acd6                USB_Handler
                0x0000acd6                Dummy_Handler
                0x0000acd6                PM_Handler
                0x0000acd6                SERCOM5_Handler
                0x0000acd6                TCC3_Handler
                0x0000acd6                TCC2_Handler
                0x0000acd6                EVSYS_Handler
                0x0000acd6                SERCOM3_Handler
                0x0000acd6                SERCOM4_Handler
                0x0000acd6                I2S_Handler
                0x0000acd6                NVMCTRL_Handler
                0x0000acd6                SERCOM0_Handler
                0x0000acd6                DAC_Handler
                0x0000acd6                PTC_Handler
                0x0000acd6                SYSCTRL_Handler

.text.__dummy%112
                0x0000b610        0x2
 .text.__dummy  0x0000b610        0x2 c:/program files/microchip/xc32/v4.21/bin/bin/../../lib/gcc/pic32c/8.3.1/../../../../pic32c/lib/thumb/v6-m/nofp\libg-musl.a(__libc_start_main.o)
                0x0000b610                __init_stdio
                0x0000b610                __init_host
